2021-12-31 18:02:24,815:INFO:app.py:Url hitted
2021-12-31 18:02:24,815:INFO:app.py:Search begins for ibm
2021-12-31 18:02:32,092:INFO:app.py:Searching completed
2021-12-31 18:02:32,200:INFO:app.py:Summarization Done
2021-12-31 18:02:33,075:INFO:app.py:Ref_links Fetched
2021-12-31 18:02:33,144:INFO:app.py:Image_links Fetched
2021-12-31 18:02:48,190:INFO:app.py:imgtob64 Done
2021-12-31 18:02:48,766:INFO:app.py:Data saved in MongoDB
2021-12-31 18:04:13,527:INFO:app.py:Url hitted
2021-12-31 18:04:13,527:INFO:app.py:Search begins for apple
2021-12-31 18:04:21,856:INFO:app.py:Searching completed
2021-12-31 18:04:21,966:INFO:app.py:Summarization Done
2021-12-31 18:04:22,846:INFO:app.py:Ref_links Fetched
2021-12-31 18:04:23,034:INFO:app.py:Image_links Fetched
2021-12-31 18:05:09,548:INFO:app.py:imgtob64 Done
2021-12-31 18:05:10,501:INFO:app.py:Data saved in MongoDB
2021-12-31 18:06:27,172:INFO:app.py:Url hitted
2021-12-31 18:06:27,172:INFO:app.py:Search begins for webbrowser
2021-12-31 18:06:33,105:INFO:app.py:Searching completed
2021-12-31 18:06:33,138:INFO:app.py:Summarization Done
2021-12-31 18:06:33,269:INFO:app.py:Ref_links Fetched
2021-12-31 18:06:33,304:INFO:app.py:Image_links Fetched
2021-12-31 18:06:39,195:INFO:app.py:imgtob64 Done
2021-12-31 18:06:39,729:INFO:app.py:Data saved in MongoDB
2021-12-31 18:09:31,949:INFO:app.py:Url hitted
2021-12-31 18:09:31,950:INFO:app.py:Search begins for media
2021-12-31 18:09:36,611:INFO:app.py:Searching completed
2021-12-31 18:09:36,621:INFO:app.py:Summarization Done
2021-12-31 18:09:56,672:INFO:app.py:Ref_links Fetched
2021-12-31 18:09:56,701:INFO:app.py:Image_links Fetched
2021-12-31 18:09:57,611:INFO:app.py:imgtob64 Done
2021-12-31 18:09:58,038:INFO:app.py:Data saved in MongoDB
2021-12-31 18:10:45,754:INFO:app.py:Url hitted
2021-12-31 18:10:45,755:INFO:app.py:Search begins for finearts
2021-12-31 18:11:11,028:INFO:app.py:Searching completed
2021-12-31 18:11:11,029:INFO:app.py:Summarization Done
2021-12-31 18:11:31,052:INFO:app.py:Ref_links Fetched
2021-12-31 18:11:51,105:INFO:app.py:Image_links Fetched
2021-12-31 18:11:51,105:INFO:app.py:imgtob64 Done
2021-12-31 18:11:51,550:INFO:app.py:Data saved in MongoDB
2021-12-31 18:13:33,298:INFO:app.py:Url hitted
2021-12-31 18:13:33,299:INFO:app.py:Search begins for web browser
2021-12-31 18:13:38,587:INFO:app.py:Searching completed
2021-12-31 18:13:38,620:INFO:app.py:Summarization Done
2021-12-31 18:13:38,746:INFO:app.py:Ref_links Fetched
2021-12-31 18:13:38,776:INFO:app.py:Image_links Fetched
2021-12-31 18:13:44,627:INFO:app.py:imgtob64 Done
2021-12-31 18:13:45,105:INFO:app.py:Data saved in MongoDB
2021-12-31 18:31:10,461:INFO:app.py:Url hitted
2021-12-31 18:31:10,461:INFO:app.py:Search begins for ibm
2021-12-31 18:31:16,646:INFO:app.py:Searching completed
2021-12-31 18:31:16,757:INFO:app.py:Summarization Done
2021-12-31 18:31:17,625:INFO:app.py:Ref_links Fetched
2021-12-31 18:31:17,692:INFO:app.py:Image_links Fetched
2021-12-31 18:31:32,964:INFO:app.py:imgtob64 Done
2021-12-31 18:31:33,533:INFO:app.py:Data saved in MongoDB
2021-12-31 18:56:52,957:INFO:app.py:Url hitted
2021-12-31 18:56:52,958:INFO:app.py:Search begins for web browser
2021-12-31 18:56:58,403:INFO:app.py:Searching completed
2021-12-31 18:56:58,439:INFO:app.py:Summarization Done
2021-12-31 18:56:58,566:INFO:app.py:Ref_links Fetched
2021-12-31 18:56:58,597:INFO:app.py:Image_links Fetched
2021-12-31 18:57:04,714:INFO:app.py:imgtob64 Done
2021-12-31 18:57:05,189:INFO:app.py:Data saved in MongoDB
2022-01-01 12:30:32,048:INFO:app.py:Url hitted
2022-01-01 12:30:32,049:INFO:app.py:Search begins for ibm
2022-01-01 12:30:39,097:INFO:app.py:Searching completed
2022-01-01 12:30:39,230:INFO:app.py:Summarization Done
2022-01-01 12:30:40,139:INFO:app.py:Ref_links Fetched
2022-01-01 12:30:40,211:INFO:app.py:Image_links Fetched
2022-01-01 12:30:54,894:INFO:app.py:imgtob64 Done
2022-01-01 12:30:55,495:INFO:app.py:Data saved in MongoDB
2022-01-01 13:41:55,878:INFO:app.py:Url hitted
2022-01-01 13:41:55,878:INFO:app.py:Search begins for web browser
2022-01-01 13:42:01,381:INFO:app.py:Searching completed
2022-01-01 13:42:01,416:INFO:app.py:Summarization Done
2022-01-01 13:42:01,543:INFO:app.py:Ref_links Fetched
2022-01-01 13:42:01,576:INFO:app.py:Image_links Fetched
2022-01-01 13:42:07,456:INFO:app.py:imgtob64 Done
2022-01-01 13:42:07,940:INFO:app.py:Data saved in MongoDB
2022-01-01 21:49:35,094:INFO:app.py:Url hitted
2022-01-01 21:49:35,094:INFO:app.py:Search begins for accounts
2022-01-01 21:49:39,838:INFO:app.py:Searching completed
2022-01-01 21:49:39,883:INFO:app.py:Summarization Done
2022-01-01 21:49:39,974:INFO:app.py:Ref_links Fetched
2022-01-01 21:49:39,988:INFO:app.py:Image_links Fetched
2022-01-01 21:49:41,206:INFO:app.py:imgtob64 Done
2022-01-01 21:49:41,709:INFO:app.py:Data saved in MongoDB
2022-01-01 22:05:45,906:INFO:app.py:Url hitted
2022-01-01 22:05:45,906:INFO:app.py:Search begins for ca
2022-01-01 22:05:53,464:INFO:app.py:Searching completed
2022-01-01 22:05:53,697:INFO:app.py:Summarization Done
2022-01-01 22:06:00,405:INFO:app.py:Ref_links Fetched
2022-01-01 22:06:00,543:INFO:app.py:Image_links Fetched
2022-01-01 22:06:35,161:INFO:app.py:imgtob64 Done
2022-01-01 22:06:36,281:INFO:app.py:Data saved in MongoDB
2022-01-03 11:16:52,476:INFO:app.py:Database Already Present
2022-01-03 11:22:08,973:INFO:app.py:Database Already Present
2022-01-03 11:23:36,926:INFO:app.py:Database Already Present
2022-01-03 11:30:10,089:INFO:app.py:Database Already Present
2022-01-03 13:31:20,788:INFO:app.py:Url hitted
2022-01-03 13:31:20,789:INFO:app.py:Search begins for covid
2022-01-03 13:31:29,422:INFO:app.py:Searching completed
2022-01-03 13:31:29,702:INFO:app.py:Summarization Done
2022-01-03 13:31:42,415:INFO:app.py:Ref_links Fetched
2022-01-03 13:31:42,621:INFO:app.py:Image_links Fetched
2022-01-03 13:32:21,755:INFO:app.py:imgtob64 Done
2022-01-03 13:32:22,935:INFO:app.py:Data saved in MongoDB
2022-01-03 13:49:35,241:INFO:app.py:Database Already Present
2022-01-03 13:50:37,965:INFO:app.py:Database Already Present
2022-01-03 13:51:59,546:INFO:app.py:Database Already Present
2022-01-03 13:54:22,631:INFO:app.py:Url hitted
2022-01-03 13:54:22,632:INFO:app.py:Search begins for vaseline
2022-01-03 13:54:27,952:INFO:app.py:Searching completed
2022-01-03 13:54:27,968:INFO:app.py:Summarization Done
2022-01-03 13:54:28,010:INFO:app.py:Ref_links Fetched
2022-01-03 13:54:28,050:INFO:app.py:Image_links Fetched
2022-01-03 13:54:32,814:INFO:app.py:imgtob64 Done
2022-01-03 13:54:33,319:INFO:app.py:Data saved in MongoDB
2022-01-03 14:47:36,597:INFO:app.py:Database Already Present
2022-01-03 14:47:54,654:INFO:app.py:Url hitted
2022-01-03 14:47:54,655:INFO:app.py:Search begins for casio
2022-01-03 14:47:59,882:INFO:app.py:Searching completed
2022-01-03 14:47:59,901:INFO:app.py:Summarization Done
2022-01-03 14:47:59,999:INFO:app.py:Ref_links Fetched
2022-01-03 14:48:00,182:INFO:app.py:Image_links Fetched
2022-01-03 14:48:48,736:INFO:app.py:imgtob64 Done
2022-01-03 14:48:49,358:INFO:app.py:Data saved in MongoDB
2022-01-03 14:57:20,801:INFO:app.py:Database Already Present
2022-01-04 17:07:02,306:INFO:app.py:Url hitted
2022-01-04 17:07:02,374:INFO:app.py:Search begins for monitor
2022-01-04 17:07:07,587:INFO:app.py:Searching completed
2022-01-04 17:07:07,644:INFO:app.py:Summarization Done
2022-01-04 17:07:08,424:INFO:app.py:Ref_links Fetched
2022-01-04 17:07:08,536:INFO:app.py:Image_links Fetched
2022-01-04 17:07:32,789:INFO:app.py:imgtob64 Done
2022-01-04 17:07:33,346:INFO:app.py:Data saved in MongoDB
2022-01-04 17:16:07,721:INFO:app.py:Url hitted
2022-01-04 17:16:07,722:INFO:app.py:Search begins for ca
2022-01-04 17:16:15,445:INFO:app.py:Searching completed
2022-01-04 17:16:15,778:INFO:app.py:Summarization Done
2022-01-04 17:16:22,466:INFO:app.py:Ref_links Fetched
2022-01-04 17:16:22,608:INFO:app.py:Image_links Fetched
2022-01-04 17:16:56,559:INFO:app.py:imgtob64 Done
2022-01-04 17:16:57,751:INFO:app.py:Data saved in MongoDB
